// Jest Snapshot v1, https://goo.gl/fbAQLP

exports[`HelloWorld.vue renders default 1`] = `<div class="cell"><span></span></div>`;

exports[`HelloWorld.vue renders props.msg when passed 1`] = `<div class="cell"><span></span></div>`;
