// Jest Snapshot v1, https://goo.gl/fbAQLP

exports[`GamesToggle.vue renders default 1`] = `<div class="gamestoggle"><button class="toggle active">Tic tac toe</button> <button class="toggle">4-in-a-row</button></div>`;
