// Jest Snapshot v1, https://goo.gl/fbAQLP

exports[`Cell.vue renders default 1`] = `<div class="cell"><span></span></div>`;
