// Jest Snapshot v1, https://goo.gl/fbAQLP

exports[`StopWatch.vue renders default 1`] = `
<div>
  <p>00:00:00</p>
</div>
`;
